// Jest Snapshot v1, https://goo.gl/fbAQLP

exports[`matches snapshot 1`] = `
<DocumentFragment>
  <div
    class="PlantList"
  >
    <h1>
       Category of Plants
    </h1>
    <div
      class="PlantList-List"
    />
  </div>
</DocumentFragment>
`;
